// Vitest Snapshot v1, https://vitest.dev/guide/snapshot.html

exports[`Calculator > renders properly 1`] = `""`;
